{"context":"RefreshTokensUseCase","data":{"email":"superadmin@alhussan.tech","rememberMe":true,"userId":"94182c03-0b95-4ac5-b9ce-8380cd42096a"},"event":"TokenRefreshed","level":"info","message":"Event: TokenRefreshed","timestamp":"2026-03-19 06:44:38.847"}
{"context":"Fetching projects statistics with params: undefined","level":"info","message":"GetProjectsStatisticsUseCase","timestamp":"2026-03-19 06:44:39.159"}
{"context":"Statistics generated successfully in 283ms","level":"info","message":"GetProjectsStatisticsUseCase","timestamp":"2026-03-19 06:44:39.438"}
{"context":"Fetching maintenance statistics with params: undefined","level":"info","message":"GetMaintenanceStatisticsUseCase","timestamp":"2026-03-19 06:44:39.442"}
{"context":"Statistics generated successfully in 69ms","level":"info","message":"GetMaintenanceStatisticsUseCase","timestamp":"2026-03-19 06:44:39.508"}
{"context":"GetFinanceStatisticsUseCase","level":"info","message":"Calculating finance statistics...","timestamp":"2026-03-19 06:44:39.491"}
{"context":"GetFinanceStatisticsUseCase","level":"info","message":"Finance statistics calculated successfully","timestamp":"2026-03-19 06:44:39.531"}
{"context":"LoginUseCase","ipAddress":"::ffff:172.18.0.6","level":"warn","message":"Failed login attempt for user: superadmin@alhussan.tech","timestamp":"2026-03-19 06:44:58.223","userAgent":"Mozilla/5.0 (iPhone; CPU iPhone OS 18_7 like Mac OS X) AppleWebKit/605.1.15 (KHTML, like Gecko) Version/26.3 Mobile/15E148 Safari/604.1"}
{"context":"LoginUseCase","level":"warn","message":"Login execution failed: 4 attempt(s) remaining before account lock","timestamp":"2026-03-19 06:44:58.239"}
{"context":"LoginRateLimiterService","level":"warn","message":"Failed login attempt 1/5 for user: superadmin@alhussan.tech","timestamp":"2026-03-19 06:44:58.233"}
{"context":"LoginRateLimiterService","level":"info","message":"Failed login attempts reset after successful login: superadmin@alhussan.tech","timestamp":"2026-03-19 06:45:14.450"}
{"context":"LoginUseCase","data":{"email":"superadmin@alhussan.tech","ipAddress":"::ffff:172.18.0.6","userAgent":"Mozilla/5.0 (iPhone; CPU iPhone OS 18_7 like Mac OS X) AppleWebKit/605.1.15 (KHTML, like Gecko) Version/26.3 Mobile/15E148 Safari/604.1","userId":"94182c03-0b95-4ac5-b9ce-8380cd42096a"},"event":"UserLogin","level":"info","message":"Event: UserLogin","timestamp":"2026-03-19 06:45:14.538"}
{"context":"Fetching projects statistics with params: undefined","level":"info","message":"GetProjectsStatisticsUseCase","timestamp":"2026-03-19 06:45:15.050"}
{"context":"Statistics generated successfully in 339ms","level":"info","message":"GetProjectsStatisticsUseCase","timestamp":"2026-03-19 06:45:15.394"}
{"context":"Fetching maintenance statistics with params: undefined","level":"info","message":"GetMaintenanceStatisticsUseCase","timestamp":"2026-03-19 06:45:15.493"}
{"context":"GetFinanceStatisticsUseCase","level":"info","message":"Calculating finance statistics...","timestamp":"2026-03-19 06:45:15.524"}
{"context":"Statistics generated successfully in 37ms","level":"info","message":"GetMaintenanceStatisticsUseCase","timestamp":"2026-03-19 06:45:15.533"}
{"context":"GetFinanceStatisticsUseCase","level":"info","message":"Finance statistics calculated successfully","timestamp":"2026-03-19 06:45:15.559"}
{"context":"Fetching projects statistics with params: undefined","level":"info","message":"GetProjectsStatisticsUseCase","timestamp":"2026-03-19 06:46:15.744"}
{"context":"Statistics generated successfully in 129ms","level":"info","message":"GetProjectsStatisticsUseCase","timestamp":"2026-03-19 06:46:15.873"}
{"context":"Fetching maintenance statistics with params: undefined","level":"info","message":"GetMaintenanceStatisticsUseCase","timestamp":"2026-03-19 06:46:15.884"}
{"context":"GetFinanceStatisticsUseCase","level":"info","message":"Calculating finance statistics...","timestamp":"2026-03-19 06:46:15.916"}
{"context":"Statistics generated successfully in 40ms","level":"info","message":"GetMaintenanceStatisticsUseCase","timestamp":"2026-03-19 06:46:15.925"}
{"context":"GetFinanceStatisticsUseCase","level":"info","message":"Finance statistics calculated successfully","timestamp":"2026-03-19 06:46:15.945"}
{"context":"Fetching projects statistics with params: undefined","level":"info","message":"GetProjectsStatisticsUseCase","timestamp":"2026-03-19 06:46:19.665"}
{"context":"Statistics generated successfully in 58ms","level":"info","message":"GetProjectsStatisticsUseCase","timestamp":"2026-03-19 06:46:19.723"}
{"context":"Fetching maintenance statistics with params: undefined","level":"info","message":"GetMaintenanceStatisticsUseCase","timestamp":"2026-03-19 06:46:19.724"}
{"context":"GetFinanceStatisticsUseCase","level":"info","message":"Calculating finance statistics...","timestamp":"2026-03-19 06:46:19.746"}
{"context":"Statistics generated successfully in 30ms","level":"info","message":"GetMaintenanceStatisticsUseCase","timestamp":"2026-03-19 06:46:19.754"}
{"context":"GetFinanceStatisticsUseCase","level":"info","message":"Finance statistics calculated successfully","timestamp":"2026-03-19 06:46:19.762"}
{"context":"Fetching projects statistics with params: undefined","level":"info","message":"GetProjectsStatisticsUseCase","timestamp":"2026-03-19 06:46:20.593"}
{"context":"Statistics generated successfully in 33ms","level":"info","message":"GetProjectsStatisticsUseCase","timestamp":"2026-03-19 06:46:20.626"}
{"context":"Fetching maintenance statistics with params: undefined","level":"info","message":"GetMaintenanceStatisticsUseCase","timestamp":"2026-03-19 06:46:20.634"}
{"context":"Statistics generated successfully in 18ms","level":"info","message":"GetMaintenanceStatisticsUseCase","timestamp":"2026-03-19 06:46:20.651"}
{"context":"GetFinanceStatisticsUseCase","level":"info","message":"Calculating finance statistics...","timestamp":"2026-03-19 06:46:20.652"}
{"context":"GetFinanceStatisticsUseCase","level":"info","message":"Finance statistics calculated successfully","timestamp":"2026-03-19 06:46:20.666"}
{"context":"Fetching projects statistics with params: undefined","level":"info","message":"GetProjectsStatisticsUseCase","timestamp":"2026-03-19 06:46:21.179"}
{"context":"Statistics generated successfully in 27ms","level":"info","message":"GetProjectsStatisticsUseCase","timestamp":"2026-03-19 06:46:21.206"}
{"context":"Fetching maintenance statistics with params: undefined","level":"info","message":"GetMaintenanceStatisticsUseCase","timestamp":"2026-03-19 06:46:21.220"}
{"context":"GetFinanceStatisticsUseCase","level":"info","message":"Calculating finance statistics...","timestamp":"2026-03-19 06:46:21.227"}
{"context":"Statistics generated successfully in 21ms","level":"info","message":"GetMaintenanceStatisticsUseCase","timestamp":"2026-03-19 06:46:21.241"}
{"context":"GetFinanceStatisticsUseCase","level":"info","message":"Finance statistics calculated successfully","timestamp":"2026-03-19 06:46:21.250"}
{"context":"Fetching projects statistics with params: undefined","level":"info","message":"GetProjectsStatisticsUseCase","timestamp":"2026-03-19 06:46:21.786"}
{"context":"Statistics generated successfully in 41ms","level":"info","message":"GetProjectsStatisticsUseCase","timestamp":"2026-03-19 06:46:21.827"}
{"context":"Fetching maintenance statistics with params: undefined","level":"info","message":"GetMaintenanceStatisticsUseCase","timestamp":"2026-03-19 06:46:21.845"}
{"context":"GetFinanceStatisticsUseCase","level":"info","message":"Calculating finance statistics...","timestamp":"2026-03-19 06:46:21.853"}
{"context":"Statistics generated successfully in 22ms","level":"info","message":"GetMaintenanceStatisticsUseCase","timestamp":"2026-03-19 06:46:21.867"}
{"context":"GetFinanceStatisticsUseCase","level":"info","message":"Finance statistics calculated successfully","timestamp":"2026-03-19 06:46:21.870"}
{"context":"Fetching projects statistics with params: undefined","level":"info","message":"GetProjectsStatisticsUseCase","timestamp":"2026-03-19 07:07:48.746"}
{"context":"Statistics generated successfully in 119ms","level":"info","message":"GetProjectsStatisticsUseCase","timestamp":"2026-03-19 07:07:48.868"}
{"context":"Fetching maintenance statistics with params: undefined","level":"info","message":"GetMaintenanceStatisticsUseCase","timestamp":"2026-03-19 07:07:48.868"}
{"context":"Statistics generated successfully in 27ms","level":"info","message":"GetMaintenanceStatisticsUseCase","timestamp":"2026-03-19 07:07:48.897"}
{"context":"GetFinanceStatisticsUseCase","level":"info","message":"Calculating finance statistics...","timestamp":"2026-03-19 07:07:48.897"}
{"context":"GetFinanceStatisticsUseCase","level":"info","message":"Finance statistics calculated successfully","timestamp":"2026-03-19 07:07:48.926"}
{"context":"Fetching projects statistics with params: undefined","level":"info","message":"GetProjectsStatisticsUseCase","timestamp":"2026-03-19 08:38:50.172"}
{"context":"Statistics generated successfully in 135ms","level":"info","message":"GetProjectsStatisticsUseCase","timestamp":"2026-03-19 08:38:50.305"}
{"context":"Fetching maintenance statistics with params: undefined","level":"info","message":"GetMaintenanceStatisticsUseCase","timestamp":"2026-03-19 08:38:50.305"}
{"context":"GetFinanceStatisticsUseCase","level":"info","message":"Calculating finance statistics...","timestamp":"2026-03-19 08:38:50.339"}
{"context":"Statistics generated successfully in 45ms","level":"info","message":"GetMaintenanceStatisticsUseCase","timestamp":"2026-03-19 08:38:50.350"}
{"context":"GetFinanceStatisticsUseCase","level":"info","message":"Finance statistics calculated successfully","timestamp":"2026-03-19 08:38:50.367"}
